main.c:148:5:main	192	static
main.c:206:6:SystemClock_Config	184	static
main.c:271:13:MX_I2C1_Init	8	static
main.c:317:13:MX_USART2_UART_Init	8	static
main.c:352:13:MX_GPIO_Init	40	static
main.c:374:6:format_to_hex	24	static
main.c:381:6:create_sensor_info	24	static
main.c:394:6:send_to_eeprom_byte_by_byte	128	static
main.c:409:6:send_to_eeprom_begin_and_end_markers	120	static
main.c:433:6:write_sensor_info_to_eeprom	104	static
main.c:502:6:zero_eeprom_useful_mem	216	static
main.c:520:6:Error_Handler	4	static
