main.c:109:5:main	16	static
main.c:224:6:SystemClock_Config	184	static
main.c:298:13:MX_NVIC_Init	8	static
main.c:313:13:MX_ADC1_Init	32	static
main.c:377:13:MX_I2C1_Init	8	static
main.c:423:13:MX_RTC_Init	32	static
main.c:488:13:MX_USART2_UART_Init	8	static
main.c:521:13:MX_DMA_Init	16	static
main.c:534:13:MX_GPIO_Init	48	static
main.c:589:6:reinitializePeriphs	8	static
main.c:601:6:GPIO_AnalogState_Config	48	static
main.c:627:6:SystemClock_Low	96	static
main.c:659:6:HAL_ADC_ConvCpltCallback	32	static
main.c:695:6:signal_with_diodes_ms	24	static
main.c:706:6:signal_error	16	static
main.c:711:8:check_if_threshold_level_exceeded	4	static
main.c:733:6:HAL_GPIO_EXTI_Callback	16	static
main.c:745:6:Error_Handler	4	static
