main.c:107:5:main	16	static
main.c:222:6:SystemClock_Config	184	static
main.c:296:13:MX_NVIC_Init	8	static
main.c:311:13:MX_ADC1_Init	32	static
main.c:375:13:MX_I2C1_Init	8	static
main.c:421:13:MX_RTC_Init	32	static
main.c:490:13:MX_USART2_UART_Init	8	static
main.c:523:13:MX_DMA_Init	16	static
main.c:536:13:MX_GPIO_Init	48	static
main.c:581:6:reinitializePeriphs	8	static
main.c:595:6:GPIO_AnalogState_Config	48	static
main.c:620:6:SystemClock_Low	96	static
main.c:652:6:HAL_ADC_ConvCpltCallback	32	static
main.c:688:6:signal_with_diodes_ms	24	static
main.c:699:6:signal_error	16	static
main.c:704:8:check_if_threshold_level_exceeded	16	static
main.c:732:6:Error_Handler	4	static
