23:05:59 **** Build of configuration Debug for project main_project ****
make -j4 all 
arm-none-eabi-gcc "../Core/Src/eeprom.c" -mcpu=cortex-m4 -std=gnu11 -g3 -DUSE_HAL_DRIVER -DDEBUG -DSTM32L432xx -c -I../Core/Inc -I../Drivers/STM32L4xx_HAL_Driver/Inc -I../Drivers/STM32L4xx_HAL_Driver/Inc/Legacy -I../Drivers/CMSIS/Device/ST/STM32L4xx/Include -I../Drivers/CMSIS/Include -O0 -ffunction-sections -fdata-sections -Wall -fstack-usage -MMD -MP -MF"Core/Src/eeprom.d" -MT"Core/Src/eeprom.o" --specs=nano.specs -mfpu=fpv4-sp-d16 -mfloat-abi=hard -mthumb -o "Core/Src/eeprom.o"
arm-none-eabi-gcc "../Core/Src/main.c" -mcpu=cortex-m4 -std=gnu11 -g3 -DUSE_HAL_DRIVER -DDEBUG -DSTM32L432xx -c -I../Core/Inc -I../Drivers/STM32L4xx_HAL_Driver/Inc -I../Drivers/STM32L4xx_HAL_Driver/Inc/Legacy -I../Drivers/CMSIS/Device/ST/STM32L4xx/Include -I../Drivers/CMSIS/Include -O0 -ffunction-sections -fdata-sections -Wall -fstack-usage -MMD -MP -MF"Core/Src/main.d" -MT"Core/Src/main.o" --specs=nano.specs -mfpu=fpv4-sp-d16 -mfloat-abi=hard -mthumb -o "Core/Src/main.o"
arm-none-eabi-gcc -o "main_project.elf" @"objects.list"   -mcpu=cortex-m4 -T"D:\praca_dyplomowa\main_project\STM32L432KCUX_FLASH.ld" --specs=nosys.specs -Wl,-Map="main_project.map" -Wl,--gc-sections -static --specs=nano.specs -mfpu=fpv4-sp-d16 -mfloat-abi=hard -mthumb -Wl,--start-group -lc -lm -Wl,--end-group
Finished building target: main_project.elf
 
arm-none-eabi-objdump -h -S  main_project.elf  > "main_project.list"
arm-none-eabi-objcopy  -O binary  main_project.elf  "main_project.bin"
arm-none-eabi-size   main_project.elf 
   text	   data	    bss	    dec	    hex	filename
  25332	    120	   6048	  31500	   7b0c	main_project.elf
Finished building: default.size.stdout
 
Finished building: main_project.bin
 
Finished building: main_project.list
 
